---
source: tests/render_snapshots.rs
assertion_line: 116
expression: "render_to_string(120, 40, 0)"
---
┌Current · L cities · S settings───────────────────────────────────────────────────────────────────────────────────────┐
│ 7°C  Clear sky                                            │  -- Stockholm City Hall                                  │
│ H:9°  L:3°  Stockholm, Stockholm, Sweden                  │              |/|                                         │
│ Status Fresh                                              │              | |   _   _   _                             │
│ Last updated --:--                                        │           ___|_|__| |_| |_| |_                           │
│                                                           │          |  ___  |  _    _   |                           │
│                                                           │          | |   | | | |  | |  |                           │
│ Feels 6°  Humidity 73%       Clouds Clear  UV 2.0         │      ____|_|___|_|_|_|__|_|__|                           │
│ Wind 12 km/h SW  Precip 35%  Sunrise --:--  Sunset --:--  │     |  _  _  _  _  _  _  _  |                            │
│                                                           │     | |_||_||_||_||_||_||_| |                            │
│                                                           │     |_|__|__|__|__|__|__|__|_|                           │
│                                                           │    ~~~~~~~~.~~~~~~~~~~~~~~~~~~                           │
│ Temp   ▁▁▁▁▂▂▂▂▂▂▂▃▃▃▃▄▄▄▄▄▄▄▅▅▅▅▅▅▅▆▆▆▆▇▇▇▇▇▇▇███        │                                                          │
│ Precip ▁▁▁▁▁▁▁▁▁▁▁▁▁▁▁▁▁▁▁▁▁▁▁▁▁▁▁▁▁▁▁▁▁▁▁▁▁▁▁▁▁▁▁        │                                                          │
│ Next   10☀  11☀  12☀  13☀  14☀  15☀                       │                                                          │
│ Hum    ▁▁▁▁▁▁▁▁▁▁▁▁▁▁▁▁▁▁▁▁▁▁▁▁▁▁▁▁▁▁▁▁▁▁▁▁▁▁▁▁▁▁▁        │                                                          │
│ 11:00 ☀    6°  P35%                                       │                                                          │
│ 12:00 ☀    6°  P35%                                       │                                                          │
│ 13:00 ☀    7°  P35%                                       │                                                          │
│ 14:00 ☀    7°  P35%                                       │                                                          │
│ 15:00 ☀    8°  P35%                                       │                                                          │
└──────────────────────────────────────────────────────────────────────────────────────────────────────────────────────┘
┌Hourly────────────────────────────────────────────────────────────────────────────────────────────────────────────────┐
│Now       11:00     12:00     13:00     14:00     15:00     16:00    17:00     18:00     19:00     20:00     21:00    │
│☀         ☀         ☀         ☀         ☀         ☀         ☀        ☀         ☀         ☀         ☀         ☀        │
│5°        6°        6°        7°        7°        8°        8°       9°        9°        10°       10°       11°      │
│P35       P35       P35       P35       P35       P35       P35      P35       P35       P35       P35       P35      │
│                                                                                                                      │
└──────────────────────────────────────────────────────────────────────────────────────────────────────────────────────┘
┌7-Day (Low .. Day Range .. High)──────────────────────────────────────────────────────────────────────────────────────┐
│Day   Wx   Low    Range                                                   High                                        │
│Thu   ☀    1°     ██████████████████████████████························  8°                                          │
│Fri   ☀    1°     ·█████████████████████████████████····················  9°                                          │
│Sat   ☀    2°     ··████████████████████████████████████················  10°                                         │
│Sun   ☀    2°     ····███████████████████████████████████████···········  11°                                         │
│Mon   ☀    2°     ·····██████████████████████████████████████████·······  12°                                         │
│Tue   ☀    3°     ······█████████████████████████████████████████████···  13°                                         │
│Wed   ☀    3°     ·······███████████████████████████████████████████████  14°                                         │
│                                                                                                                      │
└──────────────────────────────────────────────────────────────────────────────────────────────────────────────────────┘
