---
source: tests/render_snapshots.rs
assertion_line: 154
expression: "render_to_string(60, 20, 71)"
---
┌Current · L cities · S settings───────────────────────────┐
│ 7°C                                                      │
│ Slight snowfall                                          │
│ H:9°  L:3°                                               │
│ Stockholm, Stockholm, Sweden                             │
│ Wind 12/21 km/h SW  P 1008↗                              │
│ Dew 2°  Vis 11.2km                                       │
└──────────────────────────────────────────────────────────┘
┌Hourly────────────────────────────────────────────────────┐
│Time  Now    11:00 12:00  13:00 14:00  15:00 16:00  17:00 │
│Wx    ❄      ❄     ❄      ❄     ❄      ❄     ❄      ❄     │
│Temp  5°     6°    6°     7°    7°     8°    8°     9°    │
└──────────────────────────────────────────────────────────┘
┌7-Day Forecast────────────────────────────────────────────┐
│Day  Wx  Low   Range                    High              │
│Thu  ❄   1°    ██████████████·········· 8°                │
│Fri  ❄   1°    ·███████████████········ 9°                │
│Sat  ❄   2°    ·█████████████████······ 10°               │
│Sun  ❄   2°    ··█████████████████····· 11°               │
└──────────────────────────────────────────────────────────┘
