---
source: tests/render_snapshots.rs
expression: "render_to_string(80, 24, 95)"
---
┌Current · L cities · S settings · ? help──────────────────────────────────────┐
│ 7°C                                                                          │
│ Thunderstorm                                                                 │
│ H:9°  L:3°                                                                   │
│ Stockholm, Stockholm, Sweden                                                 │
│ Wind 12/21 km/h SW  Visibility 11.2km                                        │
│ Pressure 1008↗                                                               │
│ Dew 2°  Humidity 73%                                                         │
└──────────────────────────────────────────────────────────────────────────────┘
 ⚡  Thunderstorms expected
┌Hourly · Table · Thu 12 Feb───────────────────────────────────────────────────┐
│Time  Now   11:00 12:00 13:00 14:00 15:00 16:00 17:00 18:00 19:00 20:00 21:00 │
│Wx    ⚡     ⚡     ⚡     ⚡     ⚡     ⚡     ⚡     ⚡     ⚡     ⚡     ⚡     ⚡     │
│Temp  5°    6°    6°    7°    7°    8°    8°    9°    9°    10°   10°   11°   │
└──────────────────────────────────────────────────────────────────────────────┘
┌7-Day Forecast────────────────────────────────────────────────────────────────┐
│Day  Wx  Low   Range                    High                                  │
│Thu  ⚡   1°    ██████████████·········· 8°                                    │
│Fri  ⚡   1°    ·███████████████········ 9°                                    │
│Sat  ⚡   2°    ·█████████████████······ 10°                                   │
│Sun  ⚡   2°    ··█████████████████····· 11°                                   │
│Mon  ⚡   2°    ··███████████████████··· 12°                                   │
└──────────────────────────────────────────────────────────────────────────────┘
r Refresh  v View  l Cities  s Settings  <-/-> Scroll  q Quit  F1/? Help
