---
source: tests/render_snapshots.rs
assertion_line: 121
expression: "render_to_string(80, 24, 61)"
---
┌Current───────────────────────────────────────────────────────────────────────┐
│7°C                                          │-- Stockholm City Hall          │
│Slight rain                                  │ STO CITY                       │
│H:9°  L:3°                                   │  ~.~~~                         │
│Stockholm, Stockholm, Sweden                 │                                │
│Wind 12 km/h SW  Hum 73%                     │                                │
│Last updated: --:--                          │                                │
│                                             │                                │
│                                             │                                │
└──────────────────────────────────────────────────────────────────────────────┘
┌Hourly────────────────────────────────────────────────────────────────────────┐
│Now    11:00 12:00  13:00 14:00  15:00  16:00 17:00  18:00 19:00  20:00 21:00 │
│☂      ☂     ☂      ☂     ☂      ☂      ☂     ☂      ☂     ☂      ☂     ☂     │
└──────────────────────────────────────────────────────────────────────────────┘
┌7-Day (Low .. Day Range .. High)──────────────────────────────────────────────┐
│Day  Wx  Low   Range                        High                              │
│Thu  ☂   1°    ████████████████············ 8°                                │
│Fri  ☂   1°    ·█████████████████·········· 9°                                │
│Sat  ☂   2°    ·███████████████████········ 10°                               │
│Sun  ☂   2°    ··█████████████████████····· 11°                               │
│Mon  ☂   2°    ···██████████████████████··· 12°                               │
│Tue  ☂   3°    ···████████████████████████· 13°                               │
│Wed  ☂   3°    ····████████████████████████ 14°                               │
└──────────────────────────────────────────────────────────────────────────────┘
