---
source: tests/render_snapshots.rs
expression: "render_to_string(120, 40, 0)"
---
┌Current───────────────────────────────────────────────────────────────────────────────────────────────────────────────┐
│7°C                                                                                                                   │
│Clear sky                                                                                                             │
│H:9°  L:3°                                                                                                            │
│Stockholm, Stockholm, Sweden                                                                                          │
│Last updated: --:--                                                                                                   │
│                                                                                                                      │
│                                                                                                                      │
│                                                                                                                      │
│                                                                                                                      │
│                                                                                                                      │
│                                                                                                                      │
│                                                                                                                      │
│                                                                                                                      │
│                                                                                                                      │
└──────────────────────────────────────────────────────────────────────────────────────────────────────────────────────┘
┌Hourly────────────────────────────────────────────────────────────────────────────────────────────────────────────────┐
│10:00  11:00  12:00  13:00  14:00  15:00  16:00  17:00  18:00  19:00  20:00  21:00                                    │
│☀      ☀      ☀      ☀      ☀      ☀      ☀      ☀      ☀      ☀      ☀      ☀                                        │
│5°     6°     6°     7°     7°     8°     8°     9°     9°     10°    10°    11°                                      │
│                                                                                                                      │
│                                                                                                                      │
│                                                                                                                      │
└──────────────────────────────────────────────────────────────────────────────────────────────────────────────────────┘
┌7-Day (Low .. Day Range .. High)──────────────────────────────────────────────────────────────────────────────────────┐
│Day  Wx  Low   Range                        High                                                                      │
│Thu  ☀   1°    ████████████████············ 8°                                                                        │
│Fri  ☀   1°    ·█████████████████·········· 9°                                                                        │
│Sat  ☀   2°    ·███████████████████········ 10°                                                                       │
│Sun  ☀   2°    ··█████████████████████····· 11°                                                                       │
│Mon  ☀   2°    ···██████████████████████··· 12°                                                                       │
│Tue  ☀   3°    ···████████████████████████· 13°                                                                       │
│Wed  ☀   3°    ····████████████████████████ 14°                                                                       │
│                                                                                                                      │
│                                                                                                                      │
│                                                                                                                      │
│                                                                                                                      │
│                                                                                                                      │
│                                                                                                                      │
└──────────────────────────────────────────────────────────────────────────────────────────────────────────────────────┘
