---
source: tests/render_snapshots.rs
expression: "render_to_string(40, 15, 45)"
---
┌Current───────────────────────────────┐
│7°C                                   │
│Fog                                   │
│H:9°  L:3°                            │
│Stockholm, Stockholm, Sweden          │
└──────────────────────────────────────┘
┌Hourly────────────────────────────────┐
│10:00  11:00 12:00  13:00 14:00  15:00│
└──────────────────────────────────────┘
┌7-Day (Low .. Day Range .. High)──────┐
│Day  Low   Range              High    │
│Thu  1°    ███████████······· 8°      │
│Fri  1°    ████████████······ 9°      │
│Sat  2°    ·████████████····· 10°     │
└──────────────────────────────────────┘
