---
source: tests/render_snapshots.rs
assertion_line: 144
expression: "render_to_string(120, 40, 0)"
---
┌Current · L cities · S settings───────────────────────────────────────────────────────────────────────────────────────┐
│ 7°C  Clear sky                                            │  -- Atmos Canvas · Solar Ridge                           │
│ H:9°  L:3°  Stockholm, Stockholm, Sweden                  │                                                          │
│ Status Fresh                                              │                  (~~)  ◉                                 │
│ Last updated --:--                                        │                                                  ▀▀▀▀    │
│ Feels 6°  Dew 2°             P 1008hPa↗  Hum 73%          │                               (~~)        ▀▀▀▀▀▀▀▓▓▓▓    │
│ Wind 12/21 km/h SW  Vis 11.2kCloud 42% 16/29/41%  UV 2.0  │                                   ▀▀▀▀▀▀▀▀▓▓▓▓▓▓▓████    │
│                              Sunrise --:--  Sunset --:--  │                            ▀▀▀▀▀▀▀▓▓▓▓▓▓▓▓███████████    │
│                                                           │                     ▀▀▀▀▀▀▀▓▓▓▓▓▓▓███████████████████    │
│ Temp   ▁▁▁▁▂▂▂▂▂▂▂▂▃▃▃▄▄▄▄▄▄▄▄▅▅▅▅▅▅▅▆▆▆▆▇▇▇▇▇▇▇▇███      │             ▀▀▀▀▀▀▀▀▓▓▓▓▓▓▓██████████████████████████    │
│ Press  ▁▁▁▁▂▂▂▂▂▂▂▂▃▃▃▄▄▄▄▄▄▄▄▅▅▅▅▅▅▅▆▆▆▆▇▇▇▇▇▇▇▇███      │      ▀▀▀▀▀▀▀▓▓▓▓▓▓▓▓█████████████████████████████████    │
│ Gust   ▁▁▁▁▂▂▂▂▂▂▂▂▃▃▃▄▄▄▄▄▄▄▄▅▅▅▅▅▅▅▆▆▆▆▇▇▇▇▇▇▇▇███      │  ▀▀▀▀▓▓▓▓▓▓▓█████████████████████████████████████████    │
│ Precip ▁▁▁▁▂▂▂▂▂▂▂▂▃▃▃▄▄▄▄▄▄▄▄▅▅▅▅▅▅▅▆▆▆▆▇▇▇▇▇▇▇▇███      │  ▓▓▓▓████████████████████████████████████████████████    │
│ Cloud  ▁▁▁▁▂▂▂▂▂▂▂▂▃▃▃▄▄▄▄▄▄▄▄▅▅▅▅▅▅▅▆▆▆▆▇▇▇▇▇▇▇▇███      │  ████████████████████████████████████████████████████    │
│ Vis km ████▇▇▇▇▇▇▇▇▆▆▆▅▅▅▅▅▅▅▅▄▄▄▄▄▄▄▃▃▃▃▂▂▂▂▂▂▂▂▁▁▁      │  ████████████████████████████████████████████████████    │
│ 24h span 5°..11°  Δ6°                                     │  ████████████████████████████████████████████████████    │
│ Next rain now (0.4mm)                                     │  ████████████████████████████████████████████████████    │
│ Peak gust 26km/h @ 21:00                                  │  ████████████████████████████████████████████████████    │
│ Pressure 1008..1012hPa                                    │                                                          │
└──────────────────────────────────────────────────────────────────────────────────────────────────────────────────────┘
┌Hourly────────────────────────────────────────────────────────────────────────────────────────────────────────────────┐
│Time    Now      11:00     12:00    13:00    14:00    15:00     16:00    17:00    18:00    19:00     20:00    21:00   │
│Wx      ☀        ☀         ☀        ☀        ☀        ☀         ☀        ☀        ☀        ☀         ☀        ☀       │
│Temp    5°       6°        6°       7°       7°       8°        8°       9°       9°       10°       10°      11°     │
│P mm     0.4      0.5       0.6      0.7      0.8      0.9       1.0      1.1      1.2      1.3       1.4      1.5    │
│                                                                                                                      │
└──────────────────────────────────────────────────────────────────────────────────────────────────────────────────────┘
┌7-Day Forecast────────────────────────────────────────────────────────────────────────────────────────────────────────┐
│Day   Wx   Low    Range                                             High   Pmm    Gst                                 │
│Thu   ☀    1°     ███████████████████████████·····················  8°      2.5    22                                 │
│Fri   ☀    1°     ·██████████████████████████████·················  9°      3.1    23                                 │
│Sat   ☀    2°     ··████████████████████████████████··············  10°     3.7    24                                 │
│Sun   ☀    2°     ···███████████████████████████████████··········  11°     4.3    25                                 │
│Mon   ☀    2°     ····██████████████████████████████████████······  12°     4.9    26                                 │
│Tue   ☀    3°     ······███████████████████████████████████████···  13°     5.5    28                                 │
│Wed   ☀    3°     ·······█████████████████████████████████████████  14°     6.1    29                                 │
│Totals P 30.1mm  Rain 24.5mm  Snow 0.0cm                                                                              │
│Avg daylight 09:19  Avg sun 04:16                                                                                     │
│Breeziest Wed 29km/h  Wettest Wed 6.1mm                                                                               │
└──────────────────────────────────────────────────────────────────────────────────────────────────────────────────────┘
