---
source: tests/render_snapshots.rs
expression: "render_with_hourly_mode_to_string(100, 30, 61, HourlyViewMode::Hybrid)"
---
┌Current · L cities · S settings · ? help──────────────────────────────────────────────────────────┐
│7°C                                            │  Atmos Canvas · Rain                   ‹V›       │
│Slight rain                                    │      .--.                                        │
│H:9°  L:3°                                     │   .-(____)-.                                     │
│Stockholm, Stockholm, Sweden                   │     / / / /                                      │
│Wind 3/6 m/s SW  Visibility 11.2km             │                      RAIN                        │
│Pressure 1008↗                                 │                                                  │
│Dew 2°  Humidity 73%                           │                                                  │
│Last updated: --:--                            │                                                  │
└──────────────────────────────────────────────────────────────────────────────────────────────────┘
┌Hourly · Hybrid · Thu 12 Feb──────────────────────────────────────────────────────────────────────┐
│Temp  ▁▁▁▁▁▁▁▁▁▂▂▂▂▂▂▂▂▂▂▂▂▂▂▂▂▃▃▃▃▃▃▃▃▄▄▄▄▄▄▄▄▄▄▄▄▄▄▄▄▄▅▅▅▅▅▅▅▅▅▅▅▅▅▅▅▅▆▆▆▆▆▆▆▆▇▇▇▇▇▇▇▇▇▇▇▇▇▇▇▇█ │
│Tick                   ┆┆┆┆┆┆┆┆                                         ┆┆┆┆┆┆┆┆                  │
│Rain  ▂▂▂▂▂▂▂▂▂▂▂▂▂▂▂▂▂▃▃▃▃▃▃▃▃▃▃▃▃▃▃▃▃▄▄▄▄▄▄▄▄▄▄▄▄▄▄▄▄▄▅▅▅▅▅▅▅▅▅▅▅▅▅▅▅▅▆▆▆▆▆▆▆▆▆▆▆▆▆▆▆▆█████████ │
│                                          [ Thu 12 Feb ]                                          │
│Morning                  Noon                     Evening                 Night                   │
│☂ 5-6°                   ☂ 6-9°                   ☂ 9-11°                 ☂ --                    │
│0.9mm 35%                5.1mm 35%                5.4mm 35%               0.0mm --                │
│9km                      9km                      9km                     --                      │
└──────────────────────────────────────────────────────────────────────────────────────────────────┘
┌7-Day Forecast────────────────────────────────────────────────────────────────────────────────────┐
│Day  Wx  Low   Range                              High  Pmm                                       │
│Thu  ☂   1°    ███████████████████··············· 8°     2.5                                      │
│Fri  ☂   1°    ·█████████████████████············ 9°     3.1                                      │
│Sat  ☂   2°    ··███████████████████████········· 10°    3.7                                      │
│Sun  ☂   2°    ··█████████████████████████······· 11°    4.3                                      │
│Mon  ☂   2°    ···███████████████████████████···· 12°    4.9                                      │
│Tue  ☂   3°    ····████████████████████████████·· 13°    5.5                                      │
└──────────────────────────────────────────────────────────────────────────────────────────────────┘
r Refresh  v Hourly View  l Cities  s Settings  <-/-> Scroll  q Quit  F1/? Help
