---
source: tests/render_snapshots.rs
expression: "render_with_hourly_mode_to_string(120, 40, 61, HourlyViewMode::Hybrid)"
---
┌Current · L cities · S settings · ? help──────────────────────────────────────────────────────────────────────────────┐
│ 7°C                                                     │                                                            │
│ Slight rain                                             │                         ·                                  │
│ H:9°  L:3°                                              │  ╱    ╱    ╱    ╱    ╱ ···╱    ╱    ╱    ╱    ╱    ╱  ░    │
│ Stockholm, Stockholm, Sweden                            │          ░▒▒▒▒░       ··◉··                         ░░▒    │
│ Wind 12/21 km/h SW  Visibility 11.2km                   │        ░░▒▓▓▓▒░        ··· ░▒▒▒▒▒░                         │
│ Pressure 1008↗                                          │  ·  ·  ·  ·  ·  ·  ·  · ··░▒·▓▓·▒░·  ·  ·  · ▁▁▁▁▁▁▁▁▁▁    │
│ Dew 2°  Humidity 73%                                    │  ▁▁▁▁▁▁▁▁▁▁▁▁▁▁▁▁▁▁▁▁▁▁▁▁▁▁▁▁▁▁▁▁▁▁▁▁▁▁▁▁▁▁▁▁▃▃▃▃▃▃▃▃▃▃    │
│ Last updated: --:--                                     │  ▃▃▃▃▃▃▃▃▃▃▃▃▃▃▃▃▃▃▃▃▃▃▃▃▃▃▃▃▃▃▃▃▃▃▃▃▃▃▃▃▃▃▃▃██████████    │
│                                                         │  ██████████████████████████████████████████████████████    │
│                                                         │                                                            │
│                                                         │                                                            │
│                                                         │                                                            │
└──────────────────────────────────────────────────────────────────────────────────────────────────────────────────────┘
┌Hourly · Hybrid · Thu 12 Feb──────────────────────────────────────────────────────────────────────────────────────────┐
│Temp  ▁▁▁▁▁▁▁▁▁▁▂▂▂▂▂▂▂▂▂▂▂▂▂▂▂▂▂▂▂▂▃▃▃▃▃▃▃▃▃▃▄▄▄▄▄▄▄▄▄▄▄▄▄▄▄▄▄▄▄▄▅▅▅▅▅▅▅▅▅▅▅▅▅▅▅▅▅▅▅▅▆▆▆▆▆▆▆▆▆▆▇▇▇▇▇▇▇▇▇▇▇▇▇▇▇▇▇▇▇▇█ │
│Tick                      ┆┆┆┆┆┆┆┆┆┆                                                  ┆┆┆┆┆┆┆┆┆┆                      │
│Rain  ▂▂▂▂▂▂▂▂▂▂▂▂▂▂▂▂▂▂▂▂▃▃▃▃▃▃▃▃▃▃▃▃▃▃▃▃▃▃▃▃▄▄▄▄▄▄▄▄▄▄▄▄▄▄▄▄▄▄▄▄▅▅▅▅▅▅▅▅▅▅▅▅▅▅▅▅▅▅▅▅▆▆▆▆▆▆▆▆▆▆▆▆▆▆▆▆▆▆▆▆███████████ │
│                                                    [ Thu 12 Feb ]                                                    │
│Morning                       Noon                          Evening                      Night                        │
│☂ 5-6°                        ☂ 6-9°                        ☂ 9-11°                      ☂ --                         │
│0.9mm 35%                     5.1mm 35%                     5.4mm 35%                    0.0mm --                     │
│12-12km/h                     13-14km/h                     14-15km/h                    -----km/h                    │
│9km                           9km                           9km                          --                           │
└──────────────────────────────────────────────────────────────────────────────────────────────────────────────────────┘
┌7-Day Forecast────────────────────────────────────────────────────────────────────────────────────────────────────────┐
│Day   Wx   Low    Range                                             High   Pmm    Gst                                 │
│Thu   ☂    1°     ███████████████████████████·····················  8°      2.5    22                                 │
│Fri   ☂    1°     ·██████████████████████████████·················  9°      3.1    23                                 │
│Sat   ☂    2°     ··████████████████████████████████··············  10°     3.7    24                                 │
│Sun   ☂    2°     ···███████████████████████████████████··········  11°     4.3    25                                 │
│Mon   ☂    2°     ····██████████████████████████████████████······  12°     4.9    26                                 │
│Tue   ☂    3°     ······███████████████████████████████████████···  13°     5.5    28                                 │
│Wed   ☂    3°     ·······█████████████████████████████████████████  14°     6.1    29                                 │
│Totals P 30.1mm  Rain 24.5mm  Snow 0.0cm                                                                              │
│Avg daylight 09:19  Avg sun 04:16                                                                                     │
│Breeziest Wed 29km/h  Wettest Wed 6.1mm                                                                               │
│Avg precip hrs 2.9h/day  Peak UV Thu 2.0  Week span 1°..14°                                                           │
└──────────────────────────────────────────────────────────────────────────────────────────────────────────────────────┘
r Refresh  v Hourly View  l Cities  s Settings  <-/-> Scroll  q Quit  F1/? Help
